// Jest Snapshot v1, https://goo.gl/fbAQLP

exports[`renders correctly 1`] = `
<div
  className="sc-fznxsB ebTagX"
>
  <div
    className="sc-fzoLag dEeiVn"
  >
    <span>
      Looks like you're on your own here!
    </span>
  </div>
  <div
    className="sc-fznJRM cCzPPj"
  >
    <div
      className="sc-fznWqX jqGeqS"
      style={
        Object {
          "height": "100%",
          "overflow": "hidden",
          "position": "relative",
          "width": "100%",
        }
      }
    >
      <div
        style={
          Object {
            "WebkitOverflowScrolling": "touch",
            "bottom": 0,
            "left": 0,
            "marginBottom": 0,
            "marginRight": 0,
            "overflow": "scroll",
            "position": "absolute",
            "right": 0,
            "top": 0,
          }
        }
      />
      <div
        style={
          Object {
            "borderRadius": 3,
            "bottom": 2,
            "display": "none",
            "height": 6,
            "left": 2,
            "position": "absolute",
            "right": 2,
          }
        }
      >
        <div
          style={
            Object {
              "backgroundColor": "rgba(0,0,0,.2)",
              "borderRadius": "inherit",
              "cursor": "pointer",
              "display": "block",
              "height": "100%",
              "position": "relative",
            }
          }
        />
      </div>
      <div
        style={
          Object {
            "borderRadius": 3,
            "bottom": 2,
            "display": "none",
            "position": "absolute",
            "right": 2,
            "top": 2,
            "width": 6,
          }
        }
      >
        <div
          style={
            Object {
              "backgroundColor": "rgba(0,0,0,.2)",
              "borderRadius": "inherit",
              "cursor": "pointer",
              "display": "block",
              "position": "relative",
              "width": "100%",
            }
          }
        />
      </div>
    </div>
  </div>
  <div
    className="sc-fzoyAV kVBBCN"
  >
    <div
      className="MuiFormControl-root MuiTextField-root"
      onKeyPress={[Function]}
    >
      <label
        className="MuiFormLabel-root MuiInputLabel-root MuiInputLabel-formControl MuiInputLabel-animated"
        data-shrink={false}
      >
        Type a message
      </label>
      <div
        className="MuiInputBase-root MuiInput-root MuiInput-underline MuiInputBase-formControl MuiInput-formControl MuiInputBase-adornedEnd"
        onClick={[Function]}
      >
        <input
          aria-invalid={false}
          autoFocus={false}
          className="MuiInputBase-input MuiInput-input MuiInputBase-inputAdornedEnd"
          disabled={false}
          onAnimationStart={[Function]}
          onBlur={[Function]}
          onChange={[Function]}
          onFocus={[Function]}
          required={false}
          type="text"
          value=""
        />
        <div
          className="MuiInputAdornment-root MuiInputAdornment-positionEnd"
        >
          <button
            className="MuiButtonBase-root MuiIconButton-root"
            disabled={false}
            onBlur={[Function]}
            onClick={[Function]}
            onDragLeave={[Function]}
            onFocus={[Function]}
            onKeyDown={[Function]}
            onKeyUp={[Function]}
            onMouseDown={[Function]}
            onMouseLeave={[Function]}
            onMouseUp={[Function]}
            onTouchEnd={[Function]}
            onTouchMove={[Function]}
            onTouchStart={[Function]}
            tabIndex={0}
            type="button"
          >
            <span
              className="MuiIconButton-label"
            >
              <svg
                aria-hidden={true}
                className="MuiSvgIcon-root"
                focusable="false"
                viewBox="0 0 24 24"
              >
                <path
                  d="M2.01 21L23 12 2.01 3 2 10l15 2-15 2z"
                />
              </svg>
            </span>
          </button>
        </div>
      </div>
    </div>
  </div>
</div>
`;
