// Jest Snapshot v1, https://goo.gl/fbAQLP

exports[`renders correctly 1`] = `
<div
  className="sc-AxjAm bISjJK"
>
  <div
    className="sc-AxirZ iWqrgE"
  />
  <div
    className="sc-AxiKw jyHTFv"
  />
</div>
`;
