// Jest Snapshot v1, https://goo.gl/fbAQLP

exports[`renders correctly 1`] = `
<a
  href="/room/TEST1"
  onClick={[Function]}
>
  <div
    className="sc-AxjAm cgdwdU"
  >
    <i
      className="fas fa-door-open fa-2x"
    />
  </div>
</a>
`;
